// Jest Snapshot v1, https://goo.gl/fbAQLP

exports[`should render one ExpenseListItem from fixture data 1`] = `
<div>
  <h3>
    <Link
      replace={false}
      to="1/edit"
    >
      Gumming
    </Link>
  </h3>
  <p>
    $3.50
    -
    December 27th, 1969
  </p>
</div>
`;
